// Jest Snapshot v1, https://goo.gl/fbAQLP

exports[`MCAttributes given two mcattributes, can be merged 1`] = `
{
  "property-0": "value-2-0",
  "property-1": "value-1",
  "property-2": "value-1",
  "property-3": "value-1",
  "property-4": "value-1",
  "property-5": "value-1",
  "property-6": "value-1",
  "property-7": "value-2-7",
  "property-8": "value-2-8",
  "property-9": "value-2-9",
}
`;
