// Jest Snapshot v1, https://jestjs.io/docs/snapshot-testing

exports[`MCAttributes given two mcattributes, can be merged 1`] = `
{
  "property-1": "value-1",
  "property-2": "value-1",
  "property-3": "value-1",
  "property-4": "value-1",
  "property-5": "value-2",
  "property-6": "value-2",
  "property-7": "value-2",
  "property-8": "value-2",
  "property-9": "value-2",
}
`;
